   Compiling agent v0.1.0 (/Users/sillydon/Desktop/zed/crates/agent)
warning: unused imports: `LspFindReferencesTool`, `LspGetDefinitionTool`, `LspGetImplementationsTool`, `SaveReflectionTool`, and `ThreadsDatabase`
 --> crates/agent/src/tests/secret_sauce_test.rs:3:21
  |
3 |     MemoryDatabase, LspGetDefinitionTool, LspFindReferencesTool, LspGetImplementationsTool,
  |                     ^^^^^^^^^^^^^^^^^^^^  ^^^^^^^^^^^^^^^^^^^^^  ^^^^^^^^^^^^^^^^^^^^^^^^^
4 |     SaveReflectionTool, ThreadsDatabase, ThreadEnvironment, TerminalHandle,
  |     ^^^^^^^^^^^^^^^^^^  ^^^^^^^^^^^^^^^
  |
  = note: `#[warn(unused_imports)]` (part of `#[warn(unused)]`) on by default

warning: type `db::ThreadsDatabase` is more private than the item `lsp_tools::SaveReflectionTool::new`
   --> crates/agent/src/tools/lsp_tools.rs:331:5
    |
331 | /     pub fn new(
332 | |         thread: WeakEntity<Thread>,
333 | |         database: Shared<Task<Result<Arc<ThreadsDatabase>, Arc<an...
334 | |     ) -> Self {
    | |_____________^ associated function `lsp_tools::SaveReflectionTool::new` is reachable at visibility `pub`
    |
note: but type `db::ThreadsDatabase` is only usable at visibility `pub(crate)`
   --> crates/agent/src/db.rs:297:1
    |
297 | pub(crate) struct ThreadsDatabase {
    | ^^^^^^^^^^^^^^^^^^^^^^^^^^^^^^^^^
    = note: `#[warn(private_interfaces)]` on by default

warning: unused implementer of `FnMut` that must be used
   --> crates/agent/src/db.rs:351:13
    |
351 |             connection.exec("PRAGMA foreign_keys = ON;").unwrap();
    |             ^^^^^^^^^^^^^^^^^^^^^^^^^^^^^^^^^^^^^^^^^^^^^^^^^^^^^
    |
    = note: closures are lazy and do nothing unless called
    = note: `#[warn(unused_must_use)]` (part of `#[warn(unused)]`) on by default

warning: `agent` (lib test) generated 3 warnings (run `cargo fix --lib -p agent --tests` to apply 1 suggestion)
    Finished `test` profile [unoptimized + debuginfo] target(s) in 20.46s
     Running unittests src/agent.rs (target/debug/deps/agent-12396fc5b4c24d0c)

running 1 test
RUNNING TEST_PROMPT_CACHING VERSION 1000
TRACELOOP: i=0, total=1, last=true
TRACEMSG: i=0, role=System, cache=true
TRACEMSG: i=1, role=User, cache=true
TRACELOOP: i=0, total=3, last=false
TRACELOOP: i=1, total=3, last=false
TRACELOOP: i=2, total=3, last=true
TRACEMSG: i=0, role=System, cache=true
TRACEMSG: i=1, role=User, cache=false
TRACEMSG: i=2, role=Assistant, cache=false
TRACEMSG: i=3, role=User, cache=true
TRACELOOP: i=0, total=5, last=false
TRACELOOP: i=1, total=5, last=false
TRACELOOP: i=2, total=5, last=false
TRACELOOP: i=3, total=5, last=false
TRACELOOP: i=4, total=5, last=true
TRACEMSG: i=0, role=System, cache=true
TRACEMSG: i=1, role=User, cache=false
TRACEMSG: i=2, role=Assistant, cache=false
TRACEMSG: i=3, role=User, cache=false
TRACEMSG: i=4, role=Assistant, cache=false
TRACEMSG: i=5, role=User, cache=true
TRACELOOP: i=0, total=6, last=false
TRACELOOP: i=1, total=6, last=false
TRACELOOP: i=2, total=6, last=false
TRACELOOP: i=3, total=6, last=false
TRACELOOP: i=4, total=6, last=false
TRACELOOP: i=5, total=6, last=true
TRACEMSG: i=0, role=System, cache=true
TRACEMSG: i=1, role=User, cache=false
TRACEMSG: i=2, role=Assistant, cache=false
TRACEMSG: i=3, role=User, cache=false
TRACEMSG: i=4, role=Assistant, cache=false
TRACEMSG: i=5, role=User, cache=false
TRACEMSG: i=6, role=Assistant, cache=false
TRACEMSG: i=7, role=User, cache=true
test tests::test_prompt_caching ... ok

test result: ok. 1 passed; 0 failed; 0 ignored; 0 measured; 315 filtered out; finished in 0.31s

